The say my name module test file
================================

Using the 'say_my_name' function

:: importing the function

>>> say_my_name = __import__('3-say_my_name').say_my_name

:: test 1: the first argument is an integer and the second a string
-------------------------------------------------------------------

>>> say_my_name(4, "david")
Traceback (most recent call last):
...
TypeError: first_name must be a string

----------------------------------------------------------------


:: test 2: the first argument is a string while the second an integer
---------------------------------------------------------------------

>>> say_my_name("maca", 4)
Traceback (most recent call last):
...
TypeError: last_name must be a string

---------------------------------------------------------------------


:: test 3: both arguments are strings
--------------------------------------------------------------------

>>> say_my_name("david", "maca")
My name is david maca

------------------------------------------------------------------


:: test 4: both arguments are integers
-----------------------------------------------------------------

>>> say_my_name(3,2)
Traceback (most recent call last):
...
TypeError: first_name must be a string

-----------------------------------------------------------------


:: test 5: only one argument is given and it's a string
------------------------------------------------------------------

>>> say_my_name("david") # doctest: +NORMALIZE_WHITESPACE
My name is david

-----------------------------------------------------------------

:: test 6: only one argument is given and it's an integer
------------------------------------------------------------------

>>> say_my_name(3)
Traceback (most recent call last):
...
TypeError: first_name must be a string

-----------------------------------------------------------------


:: test 7: the second argument is None
----------------------------------------------------------------

>>> say_my_name("david", None)
Traceback (most recent call last):
...
TypeError: last_name must be a string

--------------------------------------------------------------


:: test 8: the first argument is None
------------------------------------------------------------------

>>> say_my_name(None, "maca")
Traceback (most recent call last):
...
TypeError: first_name must be a string

----------------------------------------------------------------------


:: test 9: missing two arguments
----------------------------------------------------------------------

>>> say_my_name()
Traceback (most recent call last):
...
TypeError: say_my_name() missing 1 required positional argument: 'first_name'
